[    1821ms] [ERROR] Warning: Encountered two children with the same key, `%s`. Keys should be unique so that components maintain their identity across updates. Non-unique keys may cause children to be duplicated and/or omitted — the behavior is unsupported and could change in a future version.%s 1771937572641.9973 
    at div
    at div
    at LogsPanel (http://localhost:3000/static/js/bundle.js:733:3)
    at main
    at div
    at App (http://localhost:3000/static/js/bundle.js:41:92) @ http://localhost:3000/static/js/bundle.js:4301
[    1837ms] [ERROR] Warning: Encountered two children with the same key, `%s`. Keys should be unique so that components maintain their identity across updates. Non-unique keys may cause children to be duplicated and/or omitted — the behavior is unsupported and could change in a future version.%s 1771937572641.9973 
    at div
    at div
    at LogsPanel (http://localhost:3000/static/js/bundle.js:733:3)
    at main
    at div
    at App (http://localhost:3000/static/js/bundle.js:41:92) @ http://localhost:3000/static/js/bundle.js:4301
[    2495ms] [ERROR] Warning: Encountered two children with the same key, `%s`. Keys should be unique so that components maintain their identity across updates. Non-unique keys may cause children to be duplicated and/or omitted — the behavior is unsupported and could change in a future version.%s 1771937572641.9973 
    at div
    at div
    at LogsPanel (http://localhost:3000/static/js/bundle.js:733:3)
    at main
    at div
    at App (http://localhost:3000/static/js/bundle.js:41:92) @ http://localhost:3000/static/js/bundle.js:4301
