[  317168ms] [ERROR] Failed to load resource: net::ERR_INCOMPLETE_CHUNKED_ENCODING @ http://localhost:3000/api/logs/stream:0
[  318244ms] [ERROR] WebSocket connection to 'ws://localhost:3000/ws' failed: Error in connection establishment: net::ERR_CONNECTION_REFUSED @ http://localhost:3000/static/js/bundle.js:36233
[  320171ms] [ERROR] Failed to load resource: net::ERR_CONNECTION_REFUSED @ http://localhost:3000/api/logs/stream:0
[  320250ms] [ERROR] WebSocket connection to 'ws://localhost:3000/ws' failed: Error in connection establishment: net::ERR_CONNECTION_REFUSED @ http://localhost:3000/static/js/bundle.js:36233
[  323173ms] [ERROR] Failed to load resource: net::ERR_CONNECTION_REFUSED @ http://localhost:3000/api/logs/stream:0
[  324257ms] [ERROR] WebSocket connection to 'ws://localhost:3000/ws' failed: Error in connection establishment: net::ERR_CONNECTION_REFUSED @ http://localhost:3000/static/js/bundle.js:36233
[  326175ms] [ERROR] Failed to load resource: net::ERR_CONNECTION_REFUSED @ http://localhost:3000/api/logs/stream:0
[  329177ms] [ERROR] Failed to load resource: net::ERR_CONNECTION_REFUSED @ http://localhost:3000/api/logs/stream:0
[  332179ms] [ERROR] Failed to load resource: net::ERR_CONNECTION_REFUSED @ http://localhost:3000/api/logs/stream:0
[  332291ms] [ERROR] WebSocket connection to 'ws://localhost:3000/ws' failed: Error in connection establishment: net::ERR_CONNECTION_REFUSED @ http://localhost:3000/static/js/bundle.js:36233
[  335182ms] [ERROR] Failed to load resource: net::ERR_CONNECTION_REFUSED @ http://localhost:3000/api/logs/stream:0
[  338185ms] [ERROR] Failed to load resource: net::ERR_CONNECTION_REFUSED @ http://localhost:3000/api/logs/stream:0
[  341187ms] [ERROR] Failed to load resource: net::ERR_CONNECTION_REFUSED @ http://localhost:3000/api/logs/stream:0
[  344188ms] [ERROR] Failed to load resource: net::ERR_CONNECTION_REFUSED @ http://localhost:3000/api/logs/stream:0
[  347196ms] [ERROR] Failed to load resource: net::ERR_CONNECTION_REFUSED @ http://localhost:3000/api/logs/stream:0
[  348346ms] [ERROR] WebSocket connection to 'ws://localhost:3000/ws' failed: Error in connection establishment: net::ERR_CONNECTION_REFUSED @ http://localhost:3000/static/js/bundle.js:36233
[  350198ms] [ERROR] Failed to load resource: net::ERR_CONNECTION_REFUSED @ http://localhost:3000/api/logs/stream:0
[  353200ms] [ERROR] Failed to load resource: net::ERR_CONNECTION_REFUSED @ http://localhost:3000/api/logs/stream:0
[  356203ms] [ERROR] Failed to load resource: net::ERR_CONNECTION_REFUSED @ http://localhost:3000/api/logs/stream:0
[  359204ms] [ERROR] Failed to load resource: net::ERR_CONNECTION_REFUSED @ http://localhost:3000/api/logs/stream:0
[  362207ms] [ERROR] Failed to load resource: net::ERR_CONNECTION_REFUSED @ http://localhost:3000/api/logs/stream:0
[  365209ms] [ERROR] Failed to load resource: net::ERR_CONNECTION_REFUSED @ http://localhost:3000/api/logs/stream:0
[  368211ms] [ERROR] Failed to load resource: net::ERR_CONNECTION_REFUSED @ http://localhost:3000/api/logs/stream:0
[  371213ms] [ERROR] Failed to load resource: net::ERR_CONNECTION_REFUSED @ http://localhost:3000/api/logs/stream:0
[  374216ms] [ERROR] Failed to load resource: net::ERR_CONNECTION_REFUSED @ http://localhost:3000/api/logs/stream:0
[  377224ms] [ERROR] Failed to load resource: net::ERR_CONNECTION_REFUSED @ http://localhost:3000/api/logs/stream:0
[  380226ms] [ERROR] Failed to load resource: net::ERR_CONNECTION_REFUSED @ http://localhost:3000/api/logs/stream:0
[  380358ms] [ERROR] WebSocket connection to 'ws://localhost:3000/ws' failed: Error in connection establishment: net::ERR_CONNECTION_REFUSED @ http://localhost:3000/static/js/bundle.js:36233
[  383229ms] [ERROR] Failed to load resource: net::ERR_CONNECTION_REFUSED @ http://localhost:3000/api/logs/stream:0
[  386230ms] [ERROR] Failed to load resource: net::ERR_CONNECTION_REFUSED @ http://localhost:3000/api/logs/stream:0
[  387576ms] [ERROR] Failed to load resource: net::ERR_CONNECTION_REFUSED @ http://localhost:3000/api/conversations/f691f291-7c4d-4dfb-b302-59bb474e2909/messages:0
[  387576ms] [ERROR] Failed to load messages TypeError: Failed to fetch
    at http://localhost:3000/static/js/bundle.js:119:23
    at onClick (http://localhost:3000/static/js/bundle.js:1675:26)
    at HTMLUnknownElement.callCallback (http://localhost:3000/static/js/bundle.js:7952:18)
    at Object.invokeGuardedCallbackDev (http://localhost:3000/static/js/bundle.js:7996:20)
    at invokeGuardedCallback (http://localhost:3000/static/js/bundle.js:8053:35)
    at invokeGuardedCallbackAndCatchFirstError (http://localhost:3000/static/js/bundle.js:8067:29)
    at executeDispatch (http://localhost:3000/static/js/bundle.js:12210:7)
    at processDispatchQueueItemsInOrder (http://localhost:3000/static/js/bundle.js:12236:11)
    at processDispatchQueue (http://localhost:3000/static/js/bundle.js:12247:9)
    at dispatchEventsForPlugins (http://localhost:3000/static/js/bundle.js:12256:7) @ http://localhost:3000/static/js/bundle.js:122
[  389232ms] [ERROR] Failed to load resource: net::ERR_CONNECTION_REFUSED @ http://localhost:3000/api/logs/stream:0
[  390126ms] [ERROR] Failed to load resource: net::ERR_CONNECTION_REFUSED @ http://localhost:3000/api/conversations/f691f291-7c4d-4dfb-b302-59bb474e2909/messages:0
[  390126ms] [ERROR] Failed to load messages TypeError: Failed to fetch
    at http://localhost:3000/static/js/bundle.js:119:23
    at onClick (http://localhost:3000/static/js/bundle.js:1675:26)
    at HTMLUnknownElement.callCallback (http://localhost:3000/static/js/bundle.js:7952:18)
    at Object.invokeGuardedCallbackDev (http://localhost:3000/static/js/bundle.js:7996:20)
    at invokeGuardedCallback (http://localhost:3000/static/js/bundle.js:8053:35)
    at invokeGuardedCallbackAndCatchFirstError (http://localhost:3000/static/js/bundle.js:8067:29)
    at executeDispatch (http://localhost:3000/static/js/bundle.js:12210:7)
    at processDispatchQueueItemsInOrder (http://localhost:3000/static/js/bundle.js:12236:11)
    at processDispatchQueue (http://localhost:3000/static/js/bundle.js:12247:9)
    at dispatchEventsForPlugins (http://localhost:3000/static/js/bundle.js:12256:7) @ http://localhost:3000/static/js/bundle.js:122
[  390884ms] [ERROR] Failed to load resource: net::ERR_CONNECTION_REFUSED @ http://localhost:3000/api/conversations/cc6b81f0-4aa3-430d-9e6d-b4428f2fed30/messages:0
[  390884ms] [ERROR] Failed to load messages TypeError: Failed to fetch
    at http://localhost:3000/static/js/bundle.js:119:23
    at onClick (http://localhost:3000/static/js/bundle.js:1675:26)
    at HTMLUnknownElement.callCallback (http://localhost:3000/static/js/bundle.js:7952:18)
    at Object.invokeGuardedCallbackDev (http://localhost:3000/static/js/bundle.js:7996:20)
    at invokeGuardedCallback (http://localhost:3000/static/js/bundle.js:8053:35)
    at invokeGuardedCallbackAndCatchFirstError (http://localhost:3000/static/js/bundle.js:8067:29)
    at executeDispatch (http://localhost:3000/static/js/bundle.js:12210:7)
    at processDispatchQueueItemsInOrder (http://localhost:3000/static/js/bundle.js:12236:11)
    at processDispatchQueue (http://localhost:3000/static/js/bundle.js:12247:9)
    at dispatchEventsForPlugins (http://localhost:3000/static/js/bundle.js:12256:7) @ http://localhost:3000/static/js/bundle.js:122
[  392234ms] [ERROR] Failed to load resource: net::ERR_CONNECTION_REFUSED @ http://localhost:3000/api/logs/stream:0
